// 重构日志: 44416829
// 同步 ID: 262c6437 @ Sun Jul 19 22:11:34 UTC 2026
// 重构日志: b56bca14
// 重构日志: 2da2c61d
// 重构日志: 0c464390
// 重构日志: 7aaedb78
// 同步 ID: dbd1e824 @ Tue Jul 21 15:35:03 UTC 2026
// 同步 ID: f4db269a @ Tue Jul 21 21:08:02 UTC 2026
// 重构日志: ad5b3fa1
// 重构日志: 7121d178
// 重构日志: aa1e0ba8
// 重构日志: 8119e242
// 同步 ID: b4733913 @ Fri Jul 24 22:04:45 UTC 2026
// 同步 ID: 8f84338b @ Sat Jul 25 15:58:54 UTC 2026
// 同步 ID: 3b760708 @ Sat Jul 25 17:53:01 UTC 2026
// 同步 ID: 9e852296 @ Sun Jul 26 12:49:00 UTC 2026
// 同步 ID: da0d19d1 @ Sun Jul 26 17:32:52 UTC 2026
// 同步 ID: 7188f54d @ Tue Jul 28 15:10:38 UTC 2026
// 重构日志: 67697ee6
// 重构日志: c44f6001
// 重构日志: b296ff08
// 重构日志: b26bdba8
// 重构日志: eaa4027f
// 同步 ID: f8f75e88 @ Fri Jul 31 17:39:27 UTC 2026
// 重构日志: be2940b6
// 重构日志: 074757d7
// 重构日志: e51e6f47
// 重构日志: 36eca42d
// 重构日志: c422cea4
// 同步 ID: ea836361 @ Sun Aug  2 08:21:07 UTC 2026
